{
  "run_id": 7,
  "status": "ok",
  "inserted": 414,
  "errors": []
}
{
  "run_id": 9,
  "status": "ok",
  "inserted": 414,
  "errors": []
}
{
  "run_id": 10,
  "status": "ok",
  "inserted": 414,
  "errors": []
}
{
  "run_id": 11,
  "status": "ok",
  "inserted": 414,
  "errors": []
}
{
  "run_id": 12,
  "status": "ok",
  "inserted": 414,
  "errors": []
}
{
  "run_id": 15,
  "status": "ok",
  "inserted": 414,
  "errors": []
}
{
  "run_id": 16,
  "status": "ok",
  "inserted": 414,
  "errors": []
}
{
  "run_id": 17,
  "status": "ok",
  "inserted": 414,
  "errors": []
}
{
  "run_id": 19,
  "status": "ok",
  "inserted": 414,
  "errors": []
}
{
  "run_id": 20,
  "status": "ok",
  "inserted": 414,
  "errors": []
}
{
  "run_id": 21,
  "status": "ok",
  "inserted": 414,
  "errors": []
}
{
  "run_id": 22,
  "status": "partial",
  "inserted": 396,
  "errors": [
    "LTAC/icon: <urlopen error [SSL: UNEXPECTED_EOF_WHILE_READING] EOF occurred in violation of protocol (_ssl.c:1081)>",
    "ZSPD/gfs: <urlopen error [SSL: UNEXPECTED_EOF_WHILE_READING] EOF occurred in violation of protocol (_ssl.c:1081)>",
    "ZSPD/ecmwf: <urlopen error [SSL: UNEXPECTED_EOF_WHILE_READING] EOF occurred in violation of protocol (_ssl.c:1081)>"
  ]
}
{
  "run_id": 23,
  "status": "ok",
  "inserted": 414,
  "errors": []
}
{
  "run_id": 24,
  "status": "ok",
  "inserted": 414,
  "errors": []
}
{
  "run_id": 25,
  "status": "ok",
  "inserted": 414,
  "errors": []
}
{
  "run_id": 27,
  "status": "partial",
  "inserted": 408,
  "errors": [
    "SAEZ/gfs: <urlopen error _ssl.c:1063: The handshake operation timed out>"
  ]
}
{
  "run_id": 28,
  "status": "ok",
  "inserted": 414,
  "errors": []
}
{
  "run_id": 30,
  "status": "ok",
  "inserted": 414,
  "errors": []
}
{
  "run_id": 31,
  "status": "partial",
  "inserted": 408,
  "errors": [
    "KATL/icon: <urlopen error [SSL: UNEXPECTED_EOF_WHILE_READING] EOF occurred in violation of protocol (_ssl.c:1081)>"
  ]
}
{
  "run_id": 33,
  "status": "partial",
  "inserted": 0,
  "errors": [
    "CYYZ/nws_noaa: fetch_source() missing 1 required positional argument: 'source_url'",
    "CYYZ/wunderground: fetch_source() missing 1 required positional argument: 'source_url'",
    "CYYZ/gfs: fetch_source() missing 1 required positional argument: 'source_url'",
    "CYYZ/ecmwf: fetch_source() missing 1 required positional argument: 'source_url'",
    "CYYZ/icon: fetch_source() missing 1 required positional argument: 'source_url'",
    "KATL/nws_noaa: fetch_source() missing 1 required positional argument: 'source_url'",
    "KATL/wunderground: fetch_source() missing 1 required positional argument: 'source_url'",
    "KATL/gfs: fetch_source() missing 1 required positional argument: 'source_url'",
    "KATL/ecmwf: fetch_source() missing 1 required positional argument: 'source_url'",
    "KATL/icon: fetch_source() missing 1 required positional argument: 'source_url'",
    "KORD/nws_noaa: fetch_source() missing 1 required positional argument: 'source_url'",
    "KORD/wunderground: fetch_source() missing 1 required positional argument: 'source_url'",
    "KORD/gfs: fetch_source() missing 1 required positional argument: 'source_url'",
    "KORD/ecmwf: fetch_source() missing 1 required positional argument: 'source_url'",
    "KORD/icon: fetch_source() missing 1 required positional argument: 'source_url'",
    "VILK/nws_noaa: fetch_source() missing 1 required positional argument: 'source_url'",
    "VILK/wunderground: fetch_source() missing 1 required positional argument: 'source_url'",
    "VILK/gfs: fetch_source() missing 1 required positional argument: 'source_url'",
    "VILK/ecmwf: fetch_source() missing 1 required positional argument: 'source_url'",
    "VILK/icon: fetch_source() missing 1 required positional argument: 'source_url'",
    "LTAC/nws_noaa: fetch_source() missing 1 required positional argument: 'source_url'",
    "LTAC/wunderground: fetch_source() missing 1 required positional argument: 'source_url'",
    "LTAC/gfs: fetch_source() missing 1 required positional argument: 'source_url'",
    "LTAC/ecmwf: fetch_source() missing 1 required positional argument: 'source_url'",
    "LTAC/icon: fetch_source() missing 1 required positional argument: 'source_url'",
    "ZSPD/nws_noaa: fetch_source() missing 1 required positional argument: 'source_url'",
    "ZSPD/wunderground: fetch_source() missing 1 required positional argument: 'source_url'",
    "ZSPD/gfs: fetch_source() missing 1 required positional argument: 'source_url'",
    "ZSPD/ecmwf: fetch_source() missing 1 required positional argument: 'source_url'",
    "ZSPD/icon: fetch_source() missing 1 required positional argument: 'source_url'",
    "RKSI/nws_noaa: fetch_source() missing 1 required positional argument: 'source_url'",
    "RKSI/wunderground: fetch_source() missing 1 required positional argument: 'source_url'",
    "RKSI/gfs: fetch_source() missing 1 required positional argument: 'source_url'",
    "RKSI/ecmwf: fetch_source() missing 1 required positional argument: 'source_url'",
    "RKSI/icon: fetch_source() missing 1 required positional argument: 'source_url'",
    "EGLC/nws_noaa: fetch_source() missing 1 required positional argument: 'source_url'",
    "EGLC/wunderground: fetch_source() missing 1 required positional argument: 'source_url'",
    "EGLC/gfs: fetch_source() missing 1 required positional argument: 'source_url'",
    "EGLC/ecmwf: fetch_source() missing 1 required positional argument: 'source_url'",
    "EGLC/icon: fetch_source() missing 1 required positional argument: 'source_url'",
    "WSSS/nws_noaa: fetch_source() missing 1 required positional argument: 'source_url'",
    "WSSS/wunderground: fetch_source() missing 1 required positional argument: 'source_url'",
    "WSSS/gfs: fetch_source() missing 1 required positional argument: 'source_url'",
    "WSSS/ecmwf: fetch_source() missing 1 required positional argument: 'source_url'",
    "WSSS/icon: fetch_source() missing 1 required positional argument: 'source_url'",
    "KDAL/nws_noaa: fetch_source() missing 1 required positional argument: 'source_url'",
    "KDAL/wunderground: fetch_source() missing 1 required positional argument: 'source_url'",
    "KDAL/gfs: fetch_source() missing 1 required positional argument: 'source_url'",
    "KDAL/ecmwf: fetch_source() missing 1 required positional argument: 'source_url'",
    "KDAL/icon: fetch_source() missing 1 required positional argument: 'source_url'",
    "NZWN/nws_noaa: fetch_source() missing 1 required positional argument: 'source_url'",
    "NZWN/wunderground: fetch_source() missing 1 required positional argument: 'source_url'",
    "NZWN/gfs: fetch_source() missing 1 required positional argument: 'source_url'",
    "NZWN/ecmwf: fetch_source() missing 1 required positional argument: 'source_url'",
    "NZWN/icon: fetch_source() missing 1 required positional argument: 'source_url'",
    "KLGA/nws_noaa: fetch_source() missing 1 required positional argument: 'source_url'",
    "KLGA/wunderground: fetch_source() missing 1 required positional argument: 'source_url'",
    "KLGA/gfs: fetch_source() missing 1 required positional argument: 'source_url'",
    "KLGA/ecmwf: fetch_source() missing 1 required positional argument: 'source_url'",
    "KLGA/icon: fetch_source() missing 1 required positional argument: 'source_url'",
    "LFPG/nws_noaa: fetch_source() missing 1 required positional argument: 'source_url'",
    "LFPG/wunderground: fetch_source() missing 1 required positional argument: 'source_url'",
    "LFPG/gfs: fetch_source() missing 1 required positional argument: 'source_url'",
    "LFPG/ecmwf: fetch_source() missing 1 required positional argument: 'source_url'",
    "LFPG/icon: fetch_source() missing 1 required positional argument: 'source_url'",
    "EDDM/nws_noaa: fetch_source() missing 1 required positional argument: 'source_url'",
    "EDDM/wunderground: fetch_source() missing 1 required positional argument: 'source_url'",
    "EDDM/gfs: fetch_source() missing 1 required positional argument: 'source_url'",
    "EDDM/ecmwf: fetch_source() missing 1 required positional argument: 'source_url'",
    "EDDM/icon: fetch_source() missing 1 required positional argument: 'source_url'",
    "KSEA/nws_noaa: fetch_source() missing 1 required positional argument: 'source_url'",
    "KSEA/wunderground: fetch_source() missing 1 required positional argument: 'source_url'",
    "KSEA/gfs: fetch_source() missing 1 required positional argument: 'source_url'",
    "KSEA/ecmwf: fetch_source() missing 1 required positional argument: 'source_url'",
    "KSEA/icon: fetch_source() missing 1 required positional argument: 'source_url'",
    "LLBG/nws_noaa: fetch_source() missing 1 required positional argument: 'source_url'",
    "LLBG/wunderground: fetch_source() missing 1 required positional argument: 'source_url'",
    "LLBG/gfs: fetch_source() missing 1 required positional argument: 'source_url'",
    "LLBG/ecmwf: fetch_source() missing 1 required positional argument: 'source_url'",
    "LLBG/icon: fetch_source() missing 1 required positional argument: 'source_url'",
    "RJTT/nws_noaa: fetch_source() missing 1 required positional argument: 'source_url'",
    "RJTT/wunderground: fetch_source() missing 1 required positional argument: 'source_url'",
    "RJTT/gfs: fetch_source() missing 1 required positional argument: 'source_url'",
    "RJTT/ecmwf: fetch_source() missing 1 required positional argument: 'source_url'",
    "RJTT/icon: fetch_source() missing 1 required positional argument: 'source_url'",
    "SBGR/nws_noaa: fetch_source() missing 1 required positional argument: 'source_url'",
    "SBGR/wunderground: fetch_source() missing 1 required positional argument: 'source_url'",
    "SBGR/gfs: fetch_source() missing 1 required positional argument: 'source_url'",
    "SBGR/ecmwf: fetch_source() missing 1 required positional argument: 'source_url'",
    "SBGR/icon: fetch_source() missing 1 required positional argument: 'source_url'",
    "KMIA/nws_noaa: fetch_source() missing 1 required positional argument: 'source_url'",
    "KMIA/wunderground: fetch_source() missing 1 required positional argument: 'source_url'",
    "KMIA/gfs: fetch_source() missing 1 required positional argument: 'source_url'",
    "KMIA/ecmwf: fetch_source() missing 1 required positional argument: 'source_url'",
    "KMIA/icon: fetch_source() missing 1 required positional argument: 'source_url'",
    "SAEZ/nws_noaa: fetch_source() missing 1 required positional argument: 'source_url'",
    "SAEZ/wunderground: fetch_source() missing 1 required positional argument: 'source_url'",
    "SAEZ/gfs: fetch_source() missing 1 required positional argument: 'source_url'",
    "SAEZ/ecmwf: fetch_source() missing 1 required positional argument: 'source_url'",
    "SAEZ/icon: fetch_source() missing 1 required positional argument: 'source_url'",
    "RCSS/nws_noaa: fetch_source() missing 1 required positional argument: 'source_url'",
    "RCSS/wunderground: fetch_source() missing 1 required positional argument: 'source_url'",
    "RCSS/gfs: fetch_source() missing 1 required positional argument: 'source_url'",
    "RCSS/ecmwf: fetch_source() missing 1 required positional argument: 'source_url'",
    "RCSS/icon: fetch_source() missing 1 required positional argument: 'source_url'"
  ]
}
{
  "run_id": 36,
  "status": "ok",
  "inserted": 540,
  "errors": []
}
{
  "run_id": 38,
  "status": "ok",
  "inserted": 540,
  "errors": []
}
{
  "run_id": 39,
  "status": "ok",
  "inserted": 540,
  "errors": []
}
{
  "run_id": 40,
  "status": "ok",
  "inserted": 540,
  "errors": []
}
{
  "run_id": 41,
  "status": "ok",
  "inserted": 540,
  "errors": []
}
{
  "run_id": 42,
  "status": "ok",
  "inserted": 540,
  "errors": []
}
{
  "run_id": 43,
  "status": "ok",
  "inserted": 540,
  "errors": []
}
{
  "run_id": 44,
  "status": "ok",
  "inserted": 540,
  "errors": []
}
{
  "run_id": 45,
  "status": "ok",
  "inserted": 540,
  "errors": []
}
{
  "run_id": 46,
  "status": "partial",
  "inserted": 534,
  "errors": [
    "KATL/icon: <urlopen error [SSL: UNEXPECTED_EOF_WHILE_READING] EOF occurred in violation of protocol (_ssl.c:1081)>"
  ]
}
{
  "run_id": 47,
  "status": "ok",
  "inserted": 540,
  "errors": []
}
{
  "run_id": 48,
  "status": "ok",
  "inserted": 540,
  "errors": []
}
{
  "run_id": 49,
  "status": "ok",
  "inserted": 540,
  "errors": []
}
{
  "run_id": 50,
  "status": "ok",
  "inserted": 540,
  "errors": []
}
{
  "run_id": 51,
  "status": "ok",
  "inserted": 540,
  "errors": []
}
{
  "run_id": 52,
  "status": "partial",
  "inserted": 528,
  "errors": [
    "RKSI/ecmwf: <urlopen error [SSL: UNEXPECTED_EOF_WHILE_READING] EOF occurred in violation of protocol (_ssl.c:1081)>",
    "RKSI/icon: <urlopen error [SSL: UNEXPECTED_EOF_WHILE_READING] EOF occurred in violation of protocol (_ssl.c:1081)>"
  ]
}
{
  "run_id": 53,
  "status": "ok",
  "inserted": 540,
  "errors": []
}
{
  "run_id": 54,
  "status": "ok",
  "inserted": 540,
  "errors": []
}
{
  "run_id": 55,
  "status": "ok",
  "inserted": 540,
  "errors": []
}
{
  "run_id": 56,
  "status": "ok",
  "inserted": 540,
  "errors": []
}
{
  "run_id": 57,
  "status": "ok",
  "inserted": 540,
  "errors": []
}
{
  "run_id": 58,
  "status": "ok",
  "inserted": 540,
  "errors": []
}
{
  "run_id": 59,
  "status": "ok",
  "inserted": 540,
  "errors": []
}
{
  "run_id": 60,
  "status": "ok",
  "inserted": 540,
  "errors": []
}
{
  "run_id": 61,
  "status": "ok",
  "inserted": 540,
  "errors": []
}
{
  "run_id": 62,
  "status": "ok",
  "inserted": 540,
  "errors": []
}
{
  "run_id": 63,
  "status": "ok",
  "inserted": 540,
  "errors": []
}
{
  "run_id": 64,
  "status": "ok",
  "inserted": 540,
  "errors": []
}
{
  "run_id": 65,
  "status": "ok",
  "inserted": 540,
  "errors": []
}
{
  "run_id": 66,
  "status": "ok",
  "inserted": 540,
  "errors": []
}
{
  "run_id": 67,
  "status": "ok",
  "inserted": 540,
  "errors": []
}
{
  "run_id": 68,
  "status": "ok",
  "inserted": 540,
  "errors": []
}
{
  "run_id": 69,
  "status": "ok",
  "inserted": 540,
  "errors": []
}
{
  "run_id": 70,
  "status": "partial",
  "inserted": 534,
  "errors": [
    "LLBG/icon: <urlopen error [SSL: UNEXPECTED_EOF_WHILE_READING] EOF occurred in violation of protocol (_ssl.c:1081)>"
  ]
}
{
  "run_id": 71,
  "status": "ok",
  "inserted": 540,
  "errors": []
}
{
  "run_id": 72,
  "status": "ok",
  "inserted": 540,
  "errors": []
}
{
  "run_id": 73,
  "status": "ok",
  "inserted": 540,
  "errors": []
}
{
  "run_id": 74,
  "status": "ok",
  "inserted": 540,
  "errors": []
}
{
  "run_id": 75,
  "status": "ok",
  "inserted": 540,
  "errors": []
}
{
  "run_id": 76,
  "status": "ok",
  "inserted": 540,
  "errors": []
}
{
  "run_id": 77,
  "status": "partial",
  "inserted": 534,
  "errors": [
    "SBGR/gfs: HTTP Error 502: Bad Gateway"
  ]
}
{
  "run_id": 78,
  "status": "partial",
  "inserted": 528,
  "errors": [
    "RCSS/gfs: <urlopen error [SSL: UNEXPECTED_EOF_WHILE_READING] EOF occurred in violation of protocol (_ssl.c:1081)>",
    "RCSS/ecmwf: <urlopen error [SSL: UNEXPECTED_EOF_WHILE_READING] EOF occurred in violation of protocol (_ssl.c:1081)>"
  ]
}
{
  "run_id": 79,
  "status": "ok",
  "inserted": 540,
  "errors": []
}
{
  "run_id": 80,
  "status": "ok",
  "inserted": 540,
  "errors": []
}
{
  "run_id": 81,
  "status": "partial",
  "inserted": 534,
  "errors": [
    "SBGR/icon: <urlopen error [SSL: UNEXPECTED_EOF_WHILE_READING] EOF occurred in violation of protocol (_ssl.c:1081)>"
  ]
}
{
  "run_id": 82,
  "status": "ok",
  "inserted": 540,
  "errors": []
}
{
  "run_id": 83,
  "status": "ok",
  "inserted": 540,
  "errors": []
}
{
  "run_id": 84,
  "status": "partial",
  "inserted": 522,
  "errors": [
    "LFPG/icon: <urlopen error [SSL: UNEXPECTED_EOF_WHILE_READING] EOF occurred in violation of protocol (_ssl.c:1081)>",
    "EDDM/gfs: <urlopen error [SSL: UNEXPECTED_EOF_WHILE_READING] EOF occurred in violation of protocol (_ssl.c:1081)>",
    "EDDM/ecmwf: <urlopen error [Errno 54] Connection reset by peer>"
  ]
}
{
  "run_id": 85,
  "status": "ok",
  "inserted": 540,
  "errors": []
}
{
  "run_id": 86,
  "status": "ok",
  "inserted": 540,
  "errors": []
}
{
  "run_id": 87,
  "status": "ok",
  "inserted": 540,
  "errors": []
}
{
  "run_id": 88,
  "status": "ok",
  "inserted": 540,
  "errors": []
}
{
  "run_id": 89,
  "status": "ok",
  "inserted": 540,
  "errors": []
}
{
  "run_id": 90,
  "status": "partial",
  "inserted": 534,
  "errors": [
    "KMIA/nws_noaa: The read operation timed out"
  ]
}
{
  "run_id": 91,
  "status": "ok",
  "inserted": 540,
  "errors": []
}
{
  "run_id": 92,
  "status": "ok",
  "inserted": 540,
  "errors": []
}
{
  "run_id": 93,
  "status": "ok",
  "inserted": 540,
  "errors": []
}
{
  "run_id": 94,
  "status": "partial",
  "inserted": 528,
  "errors": [
    "KSEA/ecmwf: <urlopen error [SSL: UNEXPECTED_EOF_WHILE_READING] EOF occurred in violation of protocol (_ssl.c:1081)>",
    "KSEA/icon: <urlopen error [SSL: UNEXPECTED_EOF_WHILE_READING] EOF occurred in violation of protocol (_ssl.c:1081)>"
  ]
}
{
  "run_id": 95,
  "status": "ok",
  "inserted": 540,
  "errors": []
}
{
  "run_id": 96,
  "status": "ok",
  "inserted": 540,
  "errors": []
}
{
  "run_id": 97,
  "status": "ok",
  "inserted": 540,
  "errors": []
}
{
  "run_id": 98,
  "status": "ok",
  "inserted": 540,
  "errors": []
}
{
  "run_id": 99,
  "status": "ok",
  "inserted": 540,
  "errors": []
}
{
  "run_id": 100,
  "status": "partial",
  "inserted": 534,
  "errors": [
    "EGLC/icon: <urlopen error [SSL: UNEXPECTED_EOF_WHILE_READING] EOF occurred in violation of protocol (_ssl.c:1081)>"
  ]
}
{
  "run_id": 101,
  "status": "ok",
  "inserted": 540,
  "errors": []
}
{
  "run_id": 102,
  "status": "ok",
  "inserted": 540,
  "errors": []
}
{
  "run_id": 103,
  "status": "ok",
  "inserted": 540,
  "errors": []
}
{
  "run_id": 104,
  "status": "partial",
  "inserted": 528,
  "errors": [
    "KMIA/gfs: <urlopen error [SSL: UNEXPECTED_EOF_WHILE_READING] EOF occurred in violation of protocol (_ssl.c:1081)>",
    "KMIA/ecmwf: <urlopen error [SSL: UNEXPECTED_EOF_WHILE_READING] EOF occurred in violation of protocol (_ssl.c:1081)>"
  ]
}
{
  "run_id": 105,
  "status": "ok",
  "inserted": 540,
  "errors": []
}
{
  "run_id": 106,
  "status": "ok",
  "inserted": 540,
  "errors": []
}
{
  "run_id": 107,
  "status": "ok",
  "inserted": 540,
  "errors": []
}
{
  "run_id": 108,
  "status": "ok",
  "inserted": 540,
  "errors": []
}
{
  "run_id": 109,
  "status": "ok",
  "inserted": 540,
  "errors": []
}
{
  "run_id": 110,
  "status": "ok",
  "inserted": 540,
  "errors": []
}
{
  "run_id": 111,
  "status": "partial",
  "inserted": 534,
  "errors": [
    "RKSI/wunderground: The read operation timed out"
  ]
}
{
  "run_id": 112,
  "status": "ok",
  "inserted": 540,
  "errors": []
}
{
  "run_id": 113,
  "status": "ok",
  "inserted": 540,
  "errors": []
}
{
  "run_id": 114,
  "status": "ok",
  "inserted": 540,
  "errors": []
}
{
  "run_id": 115,
  "status": "ok",
  "inserted": 540,
  "errors": []
}
{
  "run_id": 116,
  "status": "ok",
  "inserted": 540,
  "errors": []
}
{
  "run_id": 117,
  "status": "ok",
  "inserted": 540,
  "errors": []
}
{
  "run_id": 118,
  "status": "ok",
  "inserted": 540,
  "errors": []
}
{
  "run_id": 119,
  "status": "ok",
  "inserted": 540,
  "errors": []
}
{
  "run_id": 120,
  "status": "ok",
  "inserted": 540,
  "errors": []
}
{
  "run_id": 121,
  "status": "ok",
  "inserted": 540,
  "errors": []
}
{
  "run_id": 122,
  "status": "ok",
  "inserted": 540,
  "errors": []
}
{
  "run_id": 123,
  "status": "ok",
  "inserted": 540,
  "errors": []
}
{
  "run_id": 124,
  "status": "ok",
  "inserted": 540,
  "errors": []
}
{
  "run_id": 125,
  "status": "ok",
  "inserted": 540,
  "errors": []
}
{
  "run_id": 126,
  "status": "ok",
  "inserted": 540,
  "errors": []
}
{
  "run_id": 127,
  "status": "ok",
  "inserted": 540,
  "errors": []
}
{
  "run_id": 128,
  "status": "ok",
  "inserted": 540,
  "errors": []
}
{
  "run_id": 129,
  "status": "ok",
  "inserted": 540,
  "errors": []
}
{
  "run_id": 130,
  "status": "ok",
  "inserted": 540,
  "errors": []
}
{
  "run_id": 131,
  "status": "ok",
  "inserted": 540,
  "errors": []
}
{
  "run_id": 132,
  "status": "ok",
  "inserted": 540,
  "errors": []
}
{
  "run_id": 133,
  "status": "ok",
  "inserted": 540,
  "errors": []
}
{
  "run_id": 134,
  "status": "ok",
  "inserted": 540,
  "errors": []
}
{
  "run_id": 135,
  "status": "ok",
  "inserted": 540,
  "errors": []
}
{
  "run_id": 136,
  "status": "ok",
  "inserted": 540,
  "errors": []
}
{
  "run_id": 137,
  "status": "ok",
  "inserted": 540,
  "errors": []
}
{
  "run_id": 138,
  "status": "ok",
  "inserted": 540,
  "errors": []
}
{
  "run_id": 139,
  "status": "ok",
  "inserted": 540,
  "errors": []
}
{
  "run_id": 140,
  "status": "ok",
  "inserted": 540,
  "errors": []
}
{
  "run_id": 141,
  "status": "ok",
  "inserted": 540,
  "errors": []
}
{
  "run_id": 142,
  "status": "partial",
  "inserted": 528,
  "errors": [
    "SBGR/ecmwf: <urlopen error [SSL: UNEXPECTED_EOF_WHILE_READING] EOF occurred in violation of protocol (_ssl.c:1081)>",
    "SBGR/icon: <urlopen error [SSL: UNEXPECTED_EOF_WHILE_READING] EOF occurred in violation of protocol (_ssl.c:1081)>"
  ]
}
{
  "run_id": 143,
  "status": "ok",
  "inserted": 540,
  "errors": []
}
{
  "run_id": 144,
  "status": "ok",
  "inserted": 540,
  "errors": []
}
{
  "run_id": 145,
  "status": "ok",
  "inserted": 540,
  "errors": []
}
{
  "run_id": 146,
  "status": "ok",
  "inserted": 540,
  "errors": []
}
{
  "run_id": 147,
  "status": "ok",
  "inserted": 540,
  "errors": []
}
{
  "run_id": 148,
  "status": "ok",
  "inserted": 540,
  "errors": []
}
{
  "run_id": 149,
  "status": "ok",
  "inserted": 540,
  "errors": []
}
{
  "run_id": 150,
  "status": "ok",
  "inserted": 540,
  "errors": []
}
{
  "run_id": 151,
  "status": "ok",
  "inserted": 540,
  "errors": []
}
{
  "run_id": 152,
  "status": "ok",
  "inserted": 540,
  "errors": []
}
{
  "run_id": 153,
  "status": "ok",
  "inserted": 540,
  "errors": []
}
{
  "run_id": 154,
  "status": "ok",
  "inserted": 540,
  "errors": []
}
{
  "run_id": 155,
  "status": "ok",
  "inserted": 540,
  "errors": []
}
{
  "run_id": 156,
  "status": "ok",
  "inserted": 540,
  "errors": []
}
{
  "run_id": 157,
  "status": "ok",
  "inserted": 540,
  "errors": []
}
{
  "run_id": 158,
  "status": "ok",
  "inserted": 540,
  "errors": []
}
{
  "run_id": 159,
  "status": "ok",
  "inserted": 540,
  "errors": []
}
{
  "run_id": 160,
  "status": "ok",
  "inserted": 540,
  "errors": []
}
{
  "run_id": 161,
  "status": "ok",
  "inserted": 540,
  "errors": []
}
{
  "run_id": 162,
  "status": "ok",
  "inserted": 540,
  "errors": []
}
{
  "run_id": 163,
  "status": "ok",
  "inserted": 540,
  "errors": []
}
{
  "run_id": 164,
  "status": "ok",
  "inserted": 540,
  "errors": []
}
{
  "run_id": 165,
  "status": "ok",
  "inserted": 540,
  "errors": []
}
{
  "run_id": 166,
  "status": "ok",
  "inserted": 540,
  "errors": []
}
{
  "run_id": 167,
  "status": "ok",
  "inserted": 540,
  "errors": []
}
{
  "run_id": 168,
  "status": "ok",
  "inserted": 540,
  "errors": []
}
{
  "run_id": 169,
  "status": "ok",
  "inserted": 540,
  "errors": []
}
{
  "run_id": 170,
  "status": "ok",
  "inserted": 540,
  "errors": []
}
{
  "run_id": 171,
  "status": "ok",
  "inserted": 540,
  "errors": []
}
{
  "run_id": 172,
  "status": "ok",
  "inserted": 540,
  "errors": []
}
{
  "run_id": 173,
  "status": "partial",
  "inserted": 522,
  "errors": [
    "KLGA/gfs: <urlopen error [SSL: UNEXPECTED_EOF_WHILE_READING] EOF occurred in violation of protocol (_ssl.c:1081)>",
    "KLGA/ecmwf: <urlopen error [SSL: UNEXPECTED_EOF_WHILE_READING] EOF occurred in violation of protocol (_ssl.c:1081)>",
    "KLGA/icon: <urlopen error [SSL: UNEXPECTED_EOF_WHILE_READING] EOF occurred in violation of protocol (_ssl.c:1081)>"
  ]
}
{
  "run_id": 174,
  "status": "ok",
  "inserted": 540,
  "errors": []
}
{
  "run_id": 175,
  "status": "ok",
  "inserted": 540,
  "errors": []
}
{
  "run_id": 176,
  "status": "ok",
  "inserted": 540,
  "errors": []
}
{
  "run_id": 177,
  "status": "ok",
  "inserted": 540,
  "errors": []
}
{
  "run_id": 178,
  "status": "ok",
  "inserted": 540,
  "errors": []
}
{
  "run_id": 179,
  "status": "ok",
  "inserted": 540,
  "errors": []
}
{
  "run_id": 180,
  "status": "ok",
  "inserted": 540,
  "errors": []
}
{
  "run_id": 181,
  "status": "ok",
  "inserted": 540,
  "errors": []
}
{
  "run_id": 182,
  "status": "ok",
  "inserted": 540,
  "errors": []
}
{
  "run_id": 183,
  "status": "ok",
  "inserted": 540,
  "errors": []
}
{
  "run_id": 184,
  "status": "ok",
  "inserted": 540,
  "errors": []
}
{
  "run_id": 185,
  "status": "ok",
  "inserted": 540,
  "errors": []
}
{
  "run_id": 186,
  "status": "partial",
  "inserted": 528,
  "errors": [
    "RJTT/icon: <urlopen error [SSL: UNEXPECTED_EOF_WHILE_READING] EOF occurred in violation of protocol (_ssl.c:1081)>",
    "SBGR/icon: <urlopen error [SSL: UNEXPECTED_EOF_WHILE_READING] EOF occurred in violation of protocol (_ssl.c:1081)>"
  ]
}
{
  "run_id": 187,
  "status": "ok",
  "inserted": 540,
  "errors": []
}
{
  "run_id": 188,
  "status": "ok",
  "inserted": 540,
  "errors": []
}
{
  "run_id": 189,
  "status": "ok",
  "inserted": 540,
  "errors": []
}
{
  "run_id": 190,
  "status": "ok",
  "inserted": 540,
  "errors": []
}
{
  "run_id": 191,
  "status": "ok",
  "inserted": 540,
  "errors": []
}
{
  "run_id": 192,
  "status": "ok",
  "inserted": 540,
  "errors": []
}
{
  "run_id": 193,
  "status": "partial",
  "inserted": 534,
  "errors": [
    "RKSI/icon: <urlopen error [SSL: UNEXPECTED_EOF_WHILE_READING] EOF occurred in violation of protocol (_ssl.c:1081)>"
  ]
}
{
  "run_id": 194,
  "status": "ok",
  "inserted": 540,
  "errors": []
}
{
  "run_id": 195,
  "status": "ok",
  "inserted": 540,
  "errors": []
}
{
  "run_id": 196,
  "status": "ok",
  "inserted": 540,
  "errors": []
}
{
  "run_id": 197,
  "status": "ok",
  "inserted": 540,
  "errors": []
}
{
  "run_id": 198,
  "status": "ok",
  "inserted": 540,
  "errors": []
}
{
  "run_id": 199,
  "status": "ok",
  "inserted": 540,
  "errors": []
}
{
  "run_id": 200,
  "status": "partial",
  "inserted": 528,
  "errors": [
    "WSSS/gfs: <urlopen error [SSL: UNEXPECTED_EOF_WHILE_READING] EOF occurred in violation of protocol (_ssl.c:1081)>",
    "WSSS/ecmwf: <urlopen error [SSL: UNEXPECTED_EOF_WHILE_READING] EOF occurred in violation of protocol (_ssl.c:1081)>"
  ]
}
